2026-03-05 17:39:12 - Mail an user1@gmail.com gesendet: Willkommen!
Hallo user1@gmail.com,

deine Registrierung war erfolgreich! 
Viel Spaß beim Berechnen von Fibonacci-Zahlen auf unserer Seite.

Liebe Grüße,
Dein Fibo-Team

2026-03-05 17:41:55 - Mail an user2@gmail.com gesendet: Willkommen!
Hallo user2@gmail.com,

deine Registrierung war erfolgreich! 
Viel Spaß beim Berechnen von Fibonacci-Zahlen auf unserer Seite.

Liebe Grüße,
Dein Fibo-Team

2026-03-07 10:41:43 - Mail an fokam@icloud.com gesendet: Willkommen!
Hallo fokam@icloud.com,

deine Registrierung war erfolgreich! 
Viel Spaß beim Berechnen von Fibonacci-Zahlen auf unserer Seite.

Liebe Grüße,
Dein Fibo-Team

2026-03-07 10:52:18 - Mail an fokam@icloud.com gesendet: Willkommen!
Hallo fokam@icloud.com,

deine Registrierung war erfolgreich! 
Viel Spaß beim Berechnen von Fibonacci-Zahlen auf unserer Seite.

Liebe Grüße,
Dein Fibo-Team

2026-03-09 13:25:57 - Mail an user1@gmail.com gesendet: Willkommen!
Hallo user1@gmail.com,

deine Registrierung war erfolgreich! 
Viel Spaß beim Berechnen von Fibonacci-Zahlen auf unserer Seite.

Liebe Grüße,
Dein Fibo-Team

2026-03-14 04:54:07 - Mail an hi@gmail.com gesendet: Willkommen!
Hallo hi@gmail.com,

deine Registrierung war erfolgreich! 
Viel Spaß beim Berechnen von Fibonacci-Zahlen auf unserer Seite.

Liebe Grüße,
Dein Fibo-Team

2026-03-14 04:54:07 - Mail an hi2@gmail.com gesendet: Willkommen!
Hallo hi2@gmail.com,

deine Registrierung war erfolgreich! 
Viel Spaß beim Berechnen von Fibonacci-Zahlen auf unserer Seite.

Liebe Grüße,
Dein Fibo-Team

2026-03-15 13:41:33 - Mail an hi3@gmail.com gesendet: Willkommen!
Hallo hi3@gmail.com,

deine Registrierung war erfolgreich! 
Viel Spaß beim Berechnen von Fibonacci-Zahlen auf unserer Seite.

Liebe Grüße,
Dein Fibo-Team

2026-03-15 13:41:33 - Mail an hi4@gmail.com gesendet: Willkommen!
Hallo hi4@gmail.com,

deine Registrierung war erfolgreich! 
Viel Spaß beim Berechnen von Fibonacci-Zahlen auf unserer Seite.

Liebe Grüße,
Dein Fibo-Team

2026-03-15 13:41:33 - Mail an user2@test.de gesendet: Willkommen!
Hallo user2@test.de,

deine Registrierung war erfolgreich! 
Viel Spaß beim Berechnen von Fibonacci-Zahlen auf unserer Seite.

Liebe Grüße,
Dein Fibo-Team

2026-03-15 13:41:33 - Mail an user1@test.de gesendet: Willkommen!
Hallo user1@test.de,

deine Registrierung war erfolgreich! 
Viel Spaß beim Berechnen von Fibonacci-Zahlen auf unserer Seite.

Liebe Grüße,
Dein Fibo-Team

2026-03-15 13:41:33 - Mail an user3@test.de gesendet: Willkommen!
Hallo user3@test.de,

deine Registrierung war erfolgreich! 
Viel Spaß beim Berechnen von Fibonacci-Zahlen auf unserer Seite.

Liebe Grüße,
Dein Fibo-Team

2026-03-15 13:41:33 - Mail an user4@test.de gesendet: Willkommen!
Hallo user4@test.de,

deine Registrierung war erfolgreich! 
Viel Spaß beim Berechnen von Fibonacci-Zahlen auf unserer Seite.

Liebe Grüße,
Dein Fibo-Team

2026-03-15 13:46:25 - Mail an user1@test.de gesendet: Willkommen!
Hallo user1@test.de,

deine Registrierung war erfolgreich! 
Viel Spaß beim Berechnen von Fibonacci-Zahlen auf unserer Seite.

Liebe Grüße,
Dein Fibo-Team

2026-03-15 13:46:25 - Mail an user2@test.de gesendet: Willkommen!
Hallo user2@test.de,

deine Registrierung war erfolgreich! 
Viel Spaß beim Berechnen von Fibonacci-Zahlen auf unserer Seite.

Liebe Grüße,
Dein Fibo-Team

2026-03-15 14:09:44 - Mail an user2@test.de gesendet: Willkommen!
Hallo user2@test.de,

deine Registrierung war erfolgreich! 
Viel Spaß beim Berechnen von Fibonacci-Zahlen auf unserer Seite.

Liebe Grüße,
Dein Fibo-Team

2026-03-15 14:09:44 - Mail an user3@test.de gesendet: Willkommen!
Hallo user3@test.de,

deine Registrierung war erfolgreich! 
Viel Spaß beim Berechnen von Fibonacci-Zahlen auf unserer Seite.

Liebe Grüße,
Dein Fibo-Team

2026-03-15 14:09:44 - Mail an user1@test.de gesendet: Willkommen!
Hallo user1@test.de,

deine Registrierung war erfolgreich! 
Viel Spaß beim Berechnen von Fibonacci-Zahlen auf unserer Seite.

Liebe Grüße,
Dein Fibo-Team

2026-03-15 19:54:34 - Mail an fongang@gmail.com gesendet: Willkommen!
Hallo fongang@gmail.com,

deine Registrierung war erfolgreich! 
Viel Spaß beim Berechnen von Fibonacci-Zahlen auf unserer Seite.

Liebe Grüße,
Dein Fibo-Team

